Python version: 3.11.9 (tags/v3.11.9:de54cf5, Apr  2 2024, 10:12:12) [MSC v.1938 64 bit (AMD64)]
Current dir: E:\IdeaProject\git\xingce_v3_lab
DATABASE_URL: not set
Traceback (most recent call last):
  File "E:\IdeaProject\git\xingce_v3_lab\test_db.py", line 11, in <module>
    from app.database import get_conn
  File "E:\IdeaProject\git\xingce_v3_lab\app\database.py", line 7, in <module>
    import psycopg
ModuleNotFoundError: No module named 'psycopg'

During handling of the above exception, another exception occurred:

Traceback (most recent call last):
  File "E:\IdeaProject\git\xingce_v3_lab\test_db.py", line 26, in <module>
    print(f"\u2717 ´íÎó: {e}")
UnicodeEncodeError: 'gbk' codec can't encode character '\u2717' in position 0: illegal multibyte sequence
